nftset=/1e100.net/4#inet#fw4#vpn_domains
nftset=/datalore.io/4#inet#fw4#vpn_domains
nftset=/googleusercontent.com/4#inet#fw4#vpn_domains
nftset=/grazie.ai/4#inet#fw4#vpn_domains
nftset=/intellij.com/4#inet#fw4#vpn_domains
nftset=/intellij.net/4#inet#fw4#vpn_domains
nftset=/intellij.org/4#inet#fw4#vpn_domains
nftset=/jb.gg/4#inet#fw4#vpn_domains
nftset=/jetbrains.ai/4#inet#fw4#vpn_domains
nftset=/jetbrains.com/4#inet#fw4#vpn_domains
nftset=/jetbrains.com.cn/4#inet#fw4#vpn_domains
nftset=/jetbrains.dev/4#inet#fw4#vpn_domains
nftset=/jetbrains.net/4#inet#fw4#vpn_domains
nftset=/jetbrains.org/4#inet#fw4#vpn_domains
nftset=/jetbrains.ru/4#inet#fw4#vpn_domains
nftset=/jetbrains.space/4#inet#fw4#vpn_domains
nftset=/jetbrains.team/4#inet#fw4#vpn_domains
nftset=/kotl.in/4#inet#fw4#vpn_domains
nftset=/kotlinconf.com/4#inet#fw4#vpn_domains
nftset=/kotlinlang.org/4#inet#fw4#vpn_domains
nftset=/ktor.io/4#inet#fw4#vpn_domains
nftset=/myjetbrains.com/4#inet#fw4#vpn_domains
nftset=/ovh.net/4#inet#fw4#vpn_domains
nftset=/talkingkotlin.com/4#inet#fw4#vpn_domains
